1
1
1
1
1
1
false
false
true
false
true
Positive
true
true
false
false
false
true
false
false
1
1
1
-1
1
1
false
false
true
false
true
Positive
true
true
false
false
false
true
false
false
-1
-1
-1
-1
1
1
false
false
true
false
true
Negative
false
false
true
true
false
true
false
true
-1
-1
-1
-1
1
1
false
false
true
false
true
Negative
false
false
true
true
false
true
false
true
1
1
1
1
1
1
false
false
true
false
true
Positive
true
true
false
false
false
true
false
false
1
1
1
1
1
1
false
true
false
false
false
Positive
true
true
false
false
false
true
false
false
0
0
0
0
0
0
true
false
false
false
false
Positive
false
false
false
false
false
false
true
false
