-1073741823 1073741823
-123 123
-4611686018427387903 4611686018427387903 -4611686018427387903 4611686018427387903
3.3333333333333331e-01
3.3333333333333331e-01
false false false false false false
true true true true true true
false false false false false false
false false true true false true
52 16
false false false false false false
false false true false false true

