MPFR_RNDN
MPFR_RNDD
2.1891675000000e+05
MPFR_RNDD
false
20
MPFR_RNDN
MPFR_RNDD
3.3333333333333331482961626e-01
MPFR_RNDD
true
53
MPFR_RNDN
MPFR_RNDA
4.1152600000000002182787284255027770996093750000000000000000000000000000000000000000000000000000000000000000000000000000000000000000000000000000000000000000000000000000000000000000000000000000000000000000000000000000000000000000000000000000000e+03
MPFR_RNDA
false
52
MPFR_RNDN
MPFR_RNDF
4.1152600000000002182787284255027770996093750000000000000000000000000000000000000000000000000000000000000000000000000000000000000000000000000000000000000000000000000000000000000000000000000000000000000000000000000000000000000000000000000000000e+03
MPFR_RNDF
false
52
MPFR_RNDN
MPFR_RNDA
nan
MPFR_RNDA
false
0
MPFR_RNDN
MPFR_RNDA
inf
MPFR_RNDA
false
0
MPFR_RNDN
MPFR_RNDA
-inf
MPFR_RNDA
false
0
