-1.0986122886681098e+00 Lower
-inf Correct
-1.5849625007211563e+00 Lower
-4.7712125471966244e-01 Greater
1.3956124250860895e+00 Greater
1.2599210498948732e+00 Greater
2.1544346900318838e+00 Greater
3.2719469679615221e-01 Lower
9.4495694631473770e-01 Greater
3.4625354951057546e-01 Lower
3.2719469679615221e-01 9.4495694631473770e-01 None
1.0582492714614420e+00 Greater
3.0562842545795195e+00 Lower
2.8880570362772771e+00 Greater
1.2309594173407747e+00 Greater
3.3983690945412193e-01 Greater
3.2175055439664219e-01 Greater
1.2793395323170296e+00 Greater
3.3954055725615012e-01 Greater
1.0560718678299394e+00 Greater
3.2151273753163434e-01 Greater
3.3954055725615012e-01 1.0560718678299394e+00 None
9.4690525376349788e-01 Lower
2.9451562666948146e+00 Greater
3.1102966796194438e+00 Lower
nan Correct
3.2745015023725843e-01 Greater
3.4657359027997264e-01 Greater
1.0000000000000000e+00 Correct
2.8768207245178090e-01 Lower
3.9561242508608951e-01 Greater
-1.5809210897115578e-01 Greater
-1.6228128139692766e+00 Greater
3.6621322997706346e-01 Lower
2.6789385347077479e+00 Greater
1.3203019434868635e+00 Greater
9.8542064692776710e-01 Lower
9.8542064692776710e-01 Positive Lower
-3.1320337800208065e+00 Greater
-9.7336024835078272e-01 Lower
1.2465697988749215e+01 Lower
3.6264811176606293e-01 Greater
6.3735188823393707e-01 Lower
9.7241452911509751e-01 Greater
1.6436254381427073e-01 Greater
9.7241452911509751e-01 Greater
-7.3437307345447267e-01 Lower
-2.0881657798883864e+00 Greater
-7.3437307345447267e-01 Lower
-7.0103974012113934e-01 Lower
7.3437307345447267e-01 Lower
5.7263714434830160e-01 Lower
-2.9457996575404427e-01 Lower
1.9925568511001726e-01 Lower
3.4801021696368500e-01 Greater
2.7068264745934528e-01 Lower
6.9314718055994529e-01 Lower
3.1415926535897931e+00 Lower
5.7721566490153287e-01 Greater
9.1596559417721901e-01 Lower
2.1666666666666666e+05 Lower 1000000
6.0555555555555547e+03 Lower 100000

nan Correct
nan None
nan Correct
nan Correct
2.6359713811572677e-01 Lower
3.9685026299204990e-01 Greater
4.6415888336127795e-02 Lower
-9.7193790136331271e-01 Greater
2.3523757330298942e-01 Greater
-4.1317289908931452e+00 Greater
-9.7193790136331271e-01 2.3523757330298942e-01 None
4.2510215777136313e+00 Greater
-1.0288723164281641e+00 Lower
-2.4202942695518675e-01 Greater
nan Correct
nan Correct
-9.2729521800161219e-01 Greater
-1.4959364790841299e+00 Lower
-1.7650353782837254e+00 Lower
2.0286325163994521e+00 Lower
-8.7006166174267185e-01 Greater
-1.7650353782837254e+00 2.0286325163994521e+00 None
4.9294290213530861e-01 Lower
-5.6656088161381446e-01 Greater
-1.1493438269617247e+00 Lower
nan Correct
-1.0986122886681096e+00 Greater
nan Correct
nan None
nan Correct
-7.3640286188427317e-01 Greater
-1.2866430426774744e-01 Lower
-1.6228128139692766e+00 Greater
-1.0435532854133234e+00 Greater
3.0467653637094014e+00 Lower
1.2582260122055365e+01 Lower
1.1140804913638525e+00 Lower
1.1140804913638525e+00 Positive Lower
2.4317655842134123e+00 Lower
-4.0061329956264234e-02 Greater
6.9288521295598011e+00 Lower
-9.4065356120808008e-01 Greater
1.9406535612080802e+00 Greater
6.0256616977249222e-01 Greater
-5.2909491295449895e-01 Greater
6.0256616977249222e-01 Greater
nan Correct
nan Correct
nan Correct
nan Correct
nan Correct
nan Correct
nan Correct
nan Correct
1.3370780746754385e+00 Lower
5.0616725263913076e-01 Greater
6.9314718055994529e-01 Lower
3.1415926535897931e+00 Lower
5.7721566490153287e-01 Greater
9.1596559417721901e-01 Lower
-6.1666666666666663e+05 Lower 1000000
8.9388888888888876e+04 Lower 100000

-1.0986122886681098e+00 Lower
-inf Correct
-1.5849625007211563e+00 Lower
-4.7712125471966244e-01 Greater
1.3956124250860895e+00 Greater
1.2599210498948732e+00 Greater
2.1544346900318838e+00 Greater
3.2719469679615221e-01 Lower
9.4495694631473770e-01 Greater
3.4625354951057546e-01 Lower
3.2719469679615221e-01 9.4495694631473770e-01 None
1.0582492714614420e+00 Greater
3.0562842545795195e+00 Lower
2.8880570362772771e+00 Greater
1.2309594173407747e+00 Greater
3.3983690945412193e-01 Greater
3.2175055439664219e-01 Greater
3.1121026802265046e+00 Greater
3.3954055725615012e-01 Greater
1.0560718678299394e+00 Greater
3.2151273753163434e-01 Greater
3.3954055725615012e-01 1.0560718678299394e+00 None
9.4690525376349788e-01 Lower
2.9451562666948146e+00 Greater
3.1102966796194438e+00 Lower
nan Correct
3.2745015023725843e-01 Greater
3.4657359027997264e-01 Greater
1.0000000000000000e+00 Correct
2.8768207245178090e-01 Lower
3.9561242508608951e-01 Greater
-1.5809210897115578e-01 Greater
-1.0117849525537519e-06 Lower
3.6621322997706346e-01 Lower
2.6789385347077479e+00 Greater
nan Correct
9.8542064692776710e-01 Lower
9.8542064692776710e-01 Positive Lower
-3.1320337800208065e+00 Greater
-9.7336024835078272e-01 Lower
-1.5274442819658784e-01 Lower
3.6264811176606293e-01 Greater
6.3735188823393707e-01 Lower
9.7241452911509751e-01 Greater
1.6436254381427073e-01 Greater
6.8893004768591694e-17 Lower
-7.3437307345447267e-01 Lower
-2.0881657798883864e+00 Greater
-4.2022653690536244e+14 Greater
-4.2022653690536619e+14 Greater
4.2022653690536244e+14 Greater
1.7659034231947393e+29 Lower
-3.1184149000508982e+58 Greater
nan Correct
1.1304915351788846e+01 Greater
2.7068264745934528e-01 Lower
6.9314718055994529e-01 Lower
3.1415926535897931e+00 Lower
5.7721566490153287e-01 Greater
9.1596559417721901e-01 Lower
-5.4833333333333340e+06 Lower 1000000
6.3900555555555560e+06 Lower 100000

-inf Correct
-inf Correct
-inf Correct
-inf Correct
1.0000000000000000e+00 Correct
1.0000000000000000e+00 Correct
1.0000000000000000e+00 Correct
0.0000000000000000e+00 Correct
1.0000000000000000e+00 Correct
0.0000000000000000e+00 Correct
0.0000000000000000e+00 1.0000000000000000e+00 Correct
1.0000000000000000e+00 Correct
inf Correct
inf Correct
1.5707963267948966e+00 Lower
0.0000000000000000e+00 Correct
0.0000000000000000e+00 Correct
3.1415926535897931e+00 Lower
0.0000000000000000e+00 Correct
1.0000000000000000e+00 Correct
0.0000000000000000e+00 Correct
0.0000000000000000e+00 1.0000000000000000e+00 Correct
1.0000000000000000e+00 Correct
inf Correct
inf Correct
nan Correct
0.0000000000000000e+00 Correct
0.0000000000000000e+00 Correct
1.0000000000000000e+00 Correct
0.0000000000000000e+00 Correct
0.0000000000000000e+00 Correct
-inf Correct
-1.8229239584193906e+00 Greater
0.0000000000000000e+00 Correct
inf Correct
nan Correct
inf Correct
inf Positive Correct
-inf Correct
-5.0000000000000000e-01 Correct
inf Correct
0.0000000000000000e+00 Correct
1.0000000000000000e+00 Correct
1.0000000000000000e+00 Correct
0.0000000000000000e+00 Correct
1.0000000000000000e+00 Correct
-inf Correct
-inf Correct
-inf Correct
-inf Correct
inf Correct
inf Correct
-inf Correct
0.0000000000000000e+00 Correct
1.0000000000000001e-01 Correct
3.5502805388781722e-01 Lower
6.9314718055994529e-01 Lower
3.1415926535897931e+00 Lower
5.7721566490153287e-01 Greater
9.1596559417721901e-01 Lower
-5.0000000000000000e+04 Greater 1000000
5.0000000000000006e+02 Greater 100000

-inf Correct
-inf Correct
-inf Correct
-inf Correct
1.0000000000000000e+00 Correct
1.0000000000000000e+00 Correct
1.0000000000000000e+00 Correct
-0.0000000000000000e+00 Correct
1.0000000000000000e+00 Correct
-0.0000000000000000e+00 Correct
-0.0000000000000000e+00 1.0000000000000000e+00 Correct
1.0000000000000000e+00 Correct
-inf Correct
-inf Correct
1.5707963267948966e+00 Lower
-0.0000000000000000e+00 Correct
-0.0000000000000000e+00 Correct
-3.1415926535897931e+00 Greater
-0.0000000000000000e+00 Correct
1.0000000000000000e+00 Correct
-0.0000000000000000e+00 Correct
-0.0000000000000000e+00 1.0000000000000000e+00 Correct
1.0000000000000000e+00 Correct
-inf Correct
-inf Correct
nan Correct
-0.0000000000000000e+00 Correct
-0.0000000000000000e+00 Correct
1.0000000000000000e+00 Correct
-0.0000000000000000e+00 Correct
-0.0000000000000000e+00 Correct
-inf Correct
-inf Correct
-0.0000000000000000e+00 Correct
-inf Correct
-inf Correct
inf Correct
inf Negative Correct
inf Correct
-5.0000000000000000e-01 Correct
-inf Correct
-0.0000000000000000e+00 Correct
1.0000000000000000e+00 Correct
1.0000000000000000e+00 Correct
-0.0000000000000000e+00 Correct
1.0000000000000000e+00 Correct
-inf Correct
-inf Correct
-inf Correct
-inf Correct
inf Correct
inf Correct
-inf Correct
0.0000000000000000e+00 Correct
0.0000000000000000e+00 Correct
3.5502805388781722e-01 Lower
6.9314718055994529e-01 Lower
3.1415926535897931e+00 Lower
5.7721566490153287e-01 Greater
9.1596559417721901e-01 Lower
-0.0000000000000000e+00 Correct 1000000
0.0000000000000000e+00 Correct 100000
