3.333333e-01
0
6.666667e-01 -1
-1
32
33333333333333331 0
3.3333333333333331e-01
3.3333333333333331e-01
true
